interactions:
- request:
    body: null
    headers:
      Accept: ['*/*']
      Accept-Encoding: ['gzip, deflate']
      User-Agent: [python-requests/2.3.0 CPython/2.7.3 Darwin/13.3.0]
    method: GET
    uri: https://vcsa:443//sdk/vimServiceVersions.xml
  response:
    body: {string: !!python/unicode "<?xml version=\"1.0\" encoding=\"UTF-8\" ?>\r\
        \n<!--\r\n   Copyright 2008-2012 VMware, Inc.  All rights reserved.\r\n-->\r\
        \n<namespaces version=\"1.0\">\r\n  <namespace>\r\n    <name>urn:vim25</name>\r\
        \n    <version>5.5</version>\r\n    <priorVersions>\r\n      <version>5.1</version>\r\
        \n      <version>5.0</version>\r\n      <version>4.1</version>\r\n      <version>4.0</version>\r\
        \n      <version>2.5u2</version>\r\n      <version>2.5</version>\r\n    </priorVersions>\r\
        \n  </namespace>\r\n  <namespace>\r\n    <name>urn:vim2</name>\r\n    <version>2.0</version>\r\
        \n  </namespace>\r\n</namespaces>\r\n"}
    headers:
      connection: [Keep-Alive]
      content-length: ['552']
      content-type: [text/xml]
      date: ['Wed, 17 Sep 2014 09:04:00 GMT']
    status: {code: 200, message: OK}
- request:
    body: '<?xml version="1.0" encoding="UTF-8"?>

      <soapenv:Envelope xmlns:soapenc="http://schemas.xmlsoap.org/soap/encoding/"
      xmlns:soapenv="http://schemas.xmlsoap.org/soap/envelope/" xmlns:xsd="http://www.w3.org/2001/XMLSchema"
      xmlns:xsi="http://www.w3.org/2001/XMLSchema-instance">

      <soapenv:Body><RetrieveServiceContent xmlns="urn:vim25"><_this type="ServiceInstance">ServiceInstance</_this></RetrieveServiceContent></soapenv:Body>

      </soapenv:Envelope>'
    headers:
      Accept-Encoding: ['gzip, deflate']
      Content-Type: [text/xml; charset=UTF-8]
      Cookie: ['']
      SOAPAction: ['"urn:vim25/5.5"']
    method: POST
    uri: https://vcsa:443/sdk
  response:
    body: {string: !!python/unicode "<?xml version=\"1.0\" encoding=\"UTF-8\"?>\n\
        <soapenv:Envelope xmlns:soapenc=\"http://schemas.xmlsoap.org/soap/encoding/\"\
        \n xmlns:soapenv=\"http://schemas.xmlsoap.org/soap/envelope/\"\n xmlns:xsd=\"\
        http://www.w3.org/2001/XMLSchema\"\n xmlns:xsi=\"http://www.w3.org/2001/XMLSchema-instance\"\
        >\n<soapenv:Body>\n<RetrieveServiceContentResponse xmlns=\"urn:vim25\"><returnval><rootFolder\
        \ type=\"Folder\">group-d1</rootFolder><propertyCollector type=\"PropertyCollector\"\
        >propertyCollector</propertyCollector><viewManager type=\"ViewManager\">ViewManager</viewManager><about><name>VMware\
        \ vCenter Server</name><fullName>VMware vCenter Server 5.5.0 build-1750787</fullName><vendor>VMware,\
        \ Inc.</vendor><version>5.5.0</version><build>1750787</build><localeVersion>INTL</localeVersion><localeBuild>000</localeBuild><osType>win32-x64</osType><productLineId>vpx</productLineId><apiType>VirtualCenter</apiType><apiVersion>5.5</apiVersion><instanceUuid>A40A08C3-4558-4E42-82C0-389170AA90D6</instanceUuid><licenseProductName>VMware\
        \ VirtualCenter Server</licenseProductName><licenseProductVersion>5.0</licenseProductVersion></about><setting\
        \ type=\"OptionManager\">VpxSettings</setting><userDirectory type=\"UserDirectory\"\
        >UserDirectory</userDirectory><sessionManager type=\"SessionManager\">SessionManager</sessionManager><authorizationManager\
        \ type=\"AuthorizationManager\">AuthorizationManager</authorizationManager><serviceManager\
        \ type=\"ServiceManager\">ServiceMgr</serviceManager><perfManager type=\"\
        PerformanceManager\">PerfMgr</perfManager><scheduledTaskManager type=\"ScheduledTaskManager\"\
        >ScheduledTaskManager</scheduledTaskManager><alarmManager type=\"AlarmManager\"\
        >AlarmManager</alarmManager><eventManager type=\"EventManager\">EventManager</eventManager><taskManager\
        \ type=\"TaskManager\">TaskManager</taskManager><extensionManager type=\"\
        ExtensionManager\">ExtensionManager</extensionManager><customizationSpecManager\
        \ type=\"CustomizationSpecManager\">CustomizationSpecManager</customizationSpecManager><customFieldsManager\
        \ type=\"CustomFieldsManager\">CustomFieldsManager</customFieldsManager><diagnosticManager\
        \ type=\"DiagnosticManager\">DiagMgr</diagnosticManager><licenseManager type=\"\
        LicenseManager\">LicenseManager</licenseManager><searchIndex type=\"SearchIndex\"\
        >SearchIndex</searchIndex><fileManager type=\"FileManager\">FileManager</fileManager><datastoreNamespaceManager\
        \ type=\"DatastoreNamespaceManager\">DatastoreNamespaceManager</datastoreNamespaceManager><virtualDiskManager\
        \ type=\"VirtualDiskManager\">virtualDiskManager</virtualDiskManager><snmpSystem\
        \ type=\"HostSnmpSystem\">SnmpSystem</snmpSystem><vmProvisioningChecker type=\"\
        VirtualMachineProvisioningChecker\">ProvChecker</vmProvisioningChecker><vmCompatibilityChecker\
        \ type=\"VirtualMachineCompatibilityChecker\">CompatChecker</vmCompatibilityChecker><ovfManager\
        \ type=\"OvfManager\">OvfManager</ovfManager><ipPoolManager type=\"IpPoolManager\"\
        >IpPoolManager</ipPoolManager><dvSwitchManager type=\"DistributedVirtualSwitchManager\"\
        >DVSManager</dvSwitchManager><hostProfileManager type=\"HostProfileManager\"\
        >HostProfileManager</hostProfileManager><clusterProfileManager type=\"ClusterProfileManager\"\
        >ClusterProfileManager</clusterProfileManager><complianceManager type=\"ProfileComplianceManager\"\
        >MoComplianceManager</complianceManager><localizationManager type=\"LocalizationManager\"\
        >LocalizationManager</localizationManager><storageResourceManager type=\"\
        StorageResourceManager\">StorageResourceManager</storageResourceManager><guestOperationsManager\
        \ type=\"GuestOperationsManager\">guestOperationsManager</guestOperationsManager></returnval></RetrieveServiceContentResponse>\n\
        </soapenv:Body>\n</soapenv:Envelope>"}
    headers:
      cache-control: [no-cache]
      connection: [Keep-Alive]
      content-length: ['3599']
      content-type: [text/xml; charset=utf-8]
      date: ['Wed, 17 Sep 2014 09:04:00 GMT']
      set-cookie: [vmware_soap_session="5237129c-11de-566f-34fd-16a077dfdbfe"; Path=/;
          HttpOnly; Secure;]
    status: {code: 200, message: OK}
- request:
    body: '<?xml version="1.0" encoding="UTF-8"?>

      <soapenv:Envelope xmlns:soapenc="http://schemas.xmlsoap.org/soap/encoding/"
      xmlns:soapenv="http://schemas.xmlsoap.org/soap/envelope/" xmlns:xsd="http://www.w3.org/2001/XMLSchema"
      xmlns:xsi="http://www.w3.org/2001/XMLSchema-instance">

      <soapenv:Body><Login xmlns="urn:vim25"><_this type="SessionManager">SessionManager</_this><userName>my_user</userName><password>my_password</password></Login></soapenv:Body>

      </soapenv:Envelope>'
    headers:
      Accept-Encoding: ['gzip, deflate']
      Content-Type: [text/xml; charset=UTF-8]
      Cookie: [vmware_soap_session="5237129c-11de-566f-34fd-16a077dfdbfe"; Path=/;
          HttpOnly; Secure;]
      SOAPAction: ['"urn:vim25/5.5"']
    method: POST
    uri: https://vcsa:443/sdk
  response:
    body: {string: !!python/unicode "<?xml version=\"1.0\" encoding=\"UTF-8\"?>\n\
        <soapenv:Envelope xmlns:soapenc=\"http://schemas.xmlsoap.org/soap/encoding/\"\
        \n xmlns:soapenv=\"http://schemas.xmlsoap.org/soap/envelope/\"\n xmlns:xsd=\"\
        http://www.w3.org/2001/XMLSchema\"\n xmlns:xsi=\"http://www.w3.org/2001/XMLSchema-instance\"\
        >\n<soapenv:Body>\n<LoginResponse xmlns=\"urn:vim25\"><returnval><key>527e1723-7c2e-4ac6-a6c2-6321e7330108</key><userName>my_user</userName><fullName>my user</fullName><loginTime>2014-09-17T09:04:01.082283Z</loginTime><lastActiveTime>2014-09-17T09:04:01.082283Z</lastActiveTime><locale>en</locale><messageLocale>en</messageLocale><extensionSession>false</extensionSession><ipAddress>172.16.9.89</ipAddress><userAgent></userAgent><callCount>0</callCount></returnval></LoginResponse>\n\
        </soapenv:Body>\n</soapenv:Envelope>"}
    headers:
      cache-control: [no-cache]
      connection: [Keep-Alive]
      content-length: ['827']
      content-type: [text/xml; charset=utf-8]
      date: ['Wed, 17 Sep 2014 09:04:01 GMT']
    status: {code: 200, message: OK}
version: 1
